exports[`test # Calculator 1`] = `
<div
  className="Calculator-container">
  <div
    className="Calculator-button">
    <button
      className="waves-effect waves-light btn blue"
      onClick={[Function]}>
      Place your order
    </button>
  </div>
  <div
    className="Calculator-holder">
    <div
      className="Calculator-div Calculator-order-summary">
      Order Summary
    </div>
    <div
      className="Calculator-div">
      <div>
        Items (
        1
        ):
      </div>
      <div>
        $ 
        1
      </div>
    </div>
    <div
      className="Calculator-div Calculator-shipping-handling">
      <div>
        Shipping & handling:
      </div>
      <div>
        $ 
      </div>
       
    </div>
    <div
      className="Calculator-divider">
      <div />
    </div>
    <div
      className="Calculator-div">
      <div>
        Total before tax:
      </div>
      <div>
        $ 
      </div>
       
    </div>
    <div
      className="Calculator-div">
      <div>
        Estimated tax to be collected:
      </div>
      <div>
        $ 
      </div>
       
    </div>
    <div
      className="Calculator-divider">
      <div />
    </div>
    <div
      className="Calculator-div Calculator-total-summary">
      <div>
        Order Total:
      </div>
      <div>
        $
      </div>
       
    </div>
  </div>
</div>
`;
